// Jest Snapshot v1, https://goo.gl/fbAQLP

exports[`<ErrorPage /> component test Should properly render ErrorPage component 1`] = `
<p>
  Something went wrong
</p>
`;
